Microchip MPLAB XC8 Compiler V2.50

Linker command line:

-W-3 --edf=E:\Microchip\xc8\v2.50\pic\dat\20240725155939_en.msgs -cn \
  -h+dist/default/production\Pls.X.production.sym \
  --cmf=dist/default/production\Pls.X.production.cmf -z -Q18F4321 \
  -oC:\Users\SEBAST~1\AppData\Local\Temp\xcAsfh8.\driver_tmp_3.o \
  --defsym=__MPLAB_BUILD=1 --fixupoverflow=error \
  -Mdist/default/production/Pls.X.production.map \
  --md=C:\Users\SEBAST~1\AppData\Local\Temp\xcAsfh8.\driver_tmp_0.dat -E1 \
  -ver=XC8 Compiler --acfsm=1493 -ACODE=00h-01FFFh -ACONST=00h-01FFFh \
  -ASMALLCONST=0200h-02FFhx30 -AMEDIUMCONST=0200h-01FFFh -ACOMRAM=01h-07Fh \
  -AABS1=00h-01FFh -ABIGRAM=01h-01FFh -ARAM=080h-0FFh,0100h-01FFh \
  -ABANK0=080h-0FFh -ABANK1=0100h-01FFh -ASFR=0F80h-0FFFh \
  -ABIGSFR=0F80h-0FFFh -ACONFIG=0300000h-030000Dh -AIDLOC=0200000h-0200007h \
  -AEEDATA=0F00000h-0F000FFh -peeprom_data=EEDATA \
  -preset_vec=00h,intcode,sivt_hi,intcodelo,sivt_lo,powerup,init \
  -pramtop=0200h -psmallconst=SMALLCONST -pmediumconst=MEDIUMCONST \
  -pconst=CONST -AFARRAM=00h-00h \
  -prdata=COMRAM,nvrram=COMRAM,nvbit=COMRAM,rbss=COMRAM,rbit=COMRAM \
  -pfarbss=FARRAM,fardata=FARRAM,nvFARRAM=FARRAM \
  -pintsave_regs=BIGRAM,bigbss=BIGRAM,bigdata=BIGRAM -pbss=RAM \
  -pidata=CODE,irdata=CODE,ibigdata=CODE,ifardata=CODE -prparam=COMRAM \
  C:\Users\SEBAST~1\AppData\Local\Temp\xcAsfh8.\driver_tmp_9.o \
  dist/default/production\Pls.X.production.o 

Object code version is 3.11

Machine type is 18F4321



                Name                               Link     Load   Length Selector   Space Scale
C:\Users\SEBAST~1\AppData\Local\Temp\xcAsfh8.\driver_tmp_9.o
                config                           300000   300000        E        0       4
                init                                  0        0        4        0       0
dist/default/production\Pls.X.production.o
                config                           300000   300000        E        0       4
                mediumconst                        1D70     1D70      290      EB8       0
                text21                             1310     1310      126      988       0
                text20                              A5A      A5A        C      52D       0
                text19                              A66      A66        C      533       0
                text18                              BAA      BAA       68      5D5       0
                text17                              B08      B08       3E      584       0
                text16                              ED6      ED6       9E      76B       0
                text15                              A84      A84       1A      542       0
                text14                             1014     1014       A8      80A       0
                text13                             18A6     18A6      4CA      C53       0
                text12                              E48      E48       8E      724       0
                text11                             116A     116A       D2      8B5       0
                text10                              AD0      AD0       38      568       0
                text9                               B46      B46       64      5A3       0
                text8                              123C     123C       D4      91E       0
                text7                               DC8      DC8       80      6E4       0
                text6                              10BC     10BC       AE      85E       0
                text5                               C7A      C7A       6A      63D       0
                text4                               CE4      CE4       6C      672       0
                text3                               A9E      A9E       32      54F       0
                text2                              165A     165A      24C      B2D       0
                text1                               F74      F74       A0      7BA       0
                text0                              1436     1436      224      A1B       0
                cstackCOMRAM                         49       49       2B        1       1
                dataBANK1                           100      100       11      100       1
                dataBANK0                            80       80       77       80       1
                dataCOMRAM                           74       74        1        1       1
                bssCOMRAM                             1        1       48        1       1
                cinit                               C12      C12       68      609       0
                idataBANK1                          A73      A73       11      A73       0
                idataBANK0                          D51      D51       77      D51       0
                idataCOMRAM                         D50      D50        1      672       0

TOTAL           Name                               Link     Load   Length     Space
        CLASS   CODE           
                init                                  0        0        4         0
                text21                             1310     1310      126         0
                text20                              A5A      A5A        C         0
                text19                              A66      A66        C         0
                text18                              BAA      BAA       68         0
                text17                              B08      B08       3E         0
                text16                              ED6      ED6       9E         0
                text15                              A84      A84       1A         0
                text14                             1014     1014       A8         0
                text13                             18A6     18A6      4CA         0
                text12                              E48      E48       8E         0
                text11                             116A     116A       D2         0
                text10                              AD0      AD0       38         0
                text9                               B46      B46       64         0
                text8                              123C     123C       D4         0
                text7                               DC8      DC8       80         0
                text6                              10BC     10BC       AE         0
                text5                               C7A      C7A       6A         0
                text4                               CE4      CE4       6C         0
                text3                               A9E      A9E       32         0
                text2                              165A     165A      24C         0
                text1                               F74      F74       A0         0
                text0                              1436     1436      224         0
                cinit                               C12      C12       68         0
                idataBANK1                          A73      A73       11         0
                idataBANK0                          D51      D51       77         0
                idataCOMRAM                         D50      D50        1         0

        CLASS   CONST          

        CLASS   SMALLCONST     

        CLASS   MEDIUMCONST    
                mediumconst                        1D70     1D70      290         0

        CLASS   COMRAM         
                cstackCOMRAM                         49       49       2B         1
                dataCOMRAM                           74       74        1         1
                bssCOMRAM                             1        1       48         1

        CLASS   ABS1           

        CLASS   BIGRAM         

        CLASS   RAM            

        CLASS   BANK0          
                dataBANK0                            80       80       77         1

        CLASS   BANK1          
                dataBANK1                           100      100       11         1

        CLASS   SFR            

        CLASS   BIGSFR         

        CLASS   CONFIG         
                config                           300000   300000        E         4

        CLASS   IDLOC          

        CLASS   EEDATA         

        CLASS   FARRAM         

        CLASS   HEAP           

        CLASS   STACK          



SEGMENTS        Name                           Load    Length   Top    Selector   Space  Class

                reset_vec                      000000  000004  000004         0       0  CODE    
                bssCOMRAM                      000001  000074  000075         1       1  COMRAM  
                dataBANK0                      000080  000077  0000F7        80       1  BANK0   
                dataBANK1                      000100  000011  000111       100       1  BANK1   
                text20                         000A5A  00000C  000A66       52D       0  CODE    
                text19                         000A66  00000C  000A72       533       0  CODE    
                idataBANK1                     000A73  000011  000A84       A73       0  CODE    
                text15                         000A84  00001A  000A9E       542       0  CODE    
                text3                          000A9E  000032  000AD0       54F       0  CODE    
                text10                         000AD0  000038  000B08       568       0  CODE    
                text17                         000B08  00003E  000B46       584       0  CODE    
                text9                          000B46  000064  000BAA       5A3       0  CODE    
                text18                         000BAA  000068  000C12       5D5       0  CODE    
                cinit                          000C12  000068  000C7A       609       0  CODE    
                text5                          000C7A  00006A  000CE4       63D       0  CODE    
                text4                          000CE4  00006D  000D51       672       0  CODE    
                idataBANK0                     000D51  000077  000DC8       D51       0  CODE    
                text7                          000DC8  000080  000E48       6E4       0  CODE    
                text12                         000E48  00008E  000ED6       724       0  CODE    
                text16                         000ED6  00009E  000F74       76B       0  CODE    
                text1                          000F74  0000A0  001014       7BA       0  CODE    
                text14                         001014  0000A8  0010BC       80A       0  CODE    
                text6                          0010BC  0000AE  00116A       85E       0  CODE    
                text11                         00116A  0000D2  00123C       8B5       0  CODE    
                text8                          00123C  0000D4  001310       91E       0  CODE    
                text21                         001310  000126  001436       988       0  CODE    
                text0                          001436  000224  00165A       A1B       0  CODE    
                text2                          00165A  00024C  0018A6       B2D       0  CODE    
                text13                         0018A6  0004CA  001D70       C53       0  CODE    
                mediumconst                    001D70  000290  002000       EB8       0  MEDIUMCO


UNUSED ADDRESS RANGES

        Name                Unused          Largest block    Delta
        BANK0            0000F7-0000FF                9
        BANK1            000111-0001FF               EF
        BIGRAM           000075-00007F                B
                         0000F7-0000FF                9
                         000111-0001FF               EF
        BIGSFR           000F80-000FFF               80
        CODE             000004-000A59              A56
                         000A72-000A72                1
        COMRAM           000075-00007F                B
        CONST            000004-000A59              A56
                         000A72-000A72                1
        EEDATA           F00000-F000FF              100
        IDLOC            200000-200007                8
        MEDIUMCONST      000200-000A59              85A
                         000A72-000A72                1
        RAM              0000F7-0000FF                9
                         000111-0001FF               EF
        SFR              000F80-000FFF               80
        SMALLCONST       000200-000A59              100
                         000A72-000A72                1

                                  Symbol Table

?___awmod                                cstackCOMRAM 00005B
?___lmul                                 cstackCOMRAM 000049
?_rand                                   cstackCOMRAM 000055
LCD_ClearGraphics@x                      cstackCOMRAM 00004D
LCD_ClearGraphics@y                      cstackCOMRAM 00004E
LCD_GraphicsDisplayString@colInd         cstackCOMRAM 000068
LCD_GraphicsDisplayString@colListA       cstackCOMRAM 000057
LCD_GraphicsDisplayString@colListB       cstackCOMRAM 00005C
LCD_GraphicsDisplayString@count          cstackCOMRAM 000061
LCD_GraphicsDisplayString@dataA          cstackCOMRAM 000062
LCD_GraphicsDisplayString@dataB          cstackCOMRAM 000063
LCD_GraphicsDisplayString@indA           cstackCOMRAM 000069
LCD_GraphicsDisplayString@indB           cstackCOMRAM 00006A
LCD_GraphicsDisplayString@letterA        cstackCOMRAM 000065
LCD_GraphicsDisplayString@letterB        cstackCOMRAM 000066
LCD_GraphicsDisplayString@line           cstackCOMRAM 000064
LCD_GraphicsDisplayString@row            cstackCOMRAM 000067
LCD_GraphicsDisplayString@shouldContinue cstackCOMRAM 000056
LCD_GraphicsDisplayString@str            cstackCOMRAM 00004D
LCD_WriteByte@command                    cstackCOMRAM 00004B
LCD_WriteCommand@command                 cstackCOMRAM 00004C
LCD_WriteData@data                       cstackCOMRAM 00004C
_ADCON0                                  (abs)        000FC2
_ADCON0bits                              (abs)        000FC2
_ADCON1                                  (abs)        000FC1
_ADCON2                                  (abs)        000FC0
_ADRESH                                  (abs)        000FC4
_ADRESL                                  (abs)        000FC3
_Alpha1                                  mediumconst  001D71
_Alpha2                                  mediumconst  001E6B
_LATBbits                                (abs)        000F8A
_LCDStore0                               dataBANK0    0000E6
_LCDStore1                               dataBANK0    0000D5
_LCDStore2                               dataBANK0    0000C4
_LCDStore3                               dataBANK0    0000B3
_LCDStore4                               dataBANK0    0000A2
_LCDStore5                               dataBANK0    000091
_LCDStore6                               dataBANK0    000080
_LCDStore7                               dataBANK1    000100
_LCD_ClearGraphics                       text18       000BAA
_LCD_EnableGraphics                      text17       000B08
_LCD_GraphicsDisplayString               text13       0018A6
_LCD_GraphicsDisplayString$113           cstackCOMRAM 000052
_LCD_GraphicsDisplayString$115           cstackCOMRAM 000054
_LCD_Init                                text16       000ED6
_LCD_WriteByte                           text21       001310
_LCD_WriteCommand                        text20       000A5A
_LCD_WriteData                           text19       000A66
_OSCCON                                  (abs)        000FD3
_PORTAbits                               (abs)        000F80
_TMR0H                                   (abs)        000FD7
_TMR0L                                   (abs)        000FD6
_TRISA                                   (abs)        000F92
_TRISB                                   (abs)        000F93
__HRAM                                   (abs)        000000
__H__absolute__                          __absolute__ 000000
__Habs1                                  abs1         000000
__Hbank0                                 bank0        000000
__Hbank1                                 bank1        000000
__Hbigbss                                bigbss       000000
__Hbigdata                               bigdata      000000
__Hbigram                                bigram       000000
__Hbigsfr                                bigsfr       000000
__Hbss                                   bss          000000
__HbssCOMRAM                             bssCOMRAM    000000
__Hcinit                                 cinit        000000
__Hclrtext                               clrtext      000000
__Hcomram                                comram       000000
__Hconfig                                config       30000E
__Hconst                                 const        000000
__HcstackCOMRAM                          cstackCOMRAM 000000
__Hdata                                  data         000000
__HdataBANK0                             dataBANK0    000000
__HdataBANK1                             dataBANK1    000000
__HdataCOMRAM                            dataCOMRAM   000000
__Heeprom_data                           eeprom_data  000000
__Hfarbss                                farbss       000000
__Hfardata                               fardata      000000
__Hheap                                  heap         000000
__Hibigdata                              ibigdata     000000
__Hidata                                 idata        000000
__HidataBANK0                            idataBANK0   000000
__HidataBANK1                            idataBANK1   000000
__HidataCOMRAM                           idataCOMRAM  000000
__Hidloc                                 idloc        000000
__Hifardata                              ifardata     000000
__Hinit                                  init         000004
__Hintcode                               intcode      000000
__Hintcode_body                          intcode_body 000000
__Hintcodelo                             intcodelo    000000
__Hintentry                              intentry     000000
__Hintret                                intret       000000
__Hintsave_regs                          intsave_regs 000000
__Hirdata                                irdata       000000
__Hmediumconst                           mediumconst  002000
__HnvFARRAM                              nvFARRAM     000000
__Hnvbit                                 nvbit        000000
__Hnvrram                                nvrram       000000
__Hparam                                 rparam       000000
__Hpowerup                               powerup      000000
__Hram                                   ram          000000
__Hramtop                                ramtop       000200
__Hrbit                                  rbit         000000
__Hrbss                                  rbss         000000
__Hrdata                                 rdata        000000
__Hreset_vec                             reset_vec    000000
__Hrparam                                rparam       000000
__Hsfr                                   sfr          000000
__Hsivt_hi                               sivt_hi      000000
__Hsivt_lo                               sivt_lo      000000
__Hsmallconst                            smallconst   000000
__Hspace_0                               (abs)        002000
__Hspace_1                               (abs)        000111
__Hspace_2                               (abs)        000000
__Hspace_4                               (abs)        60000E
__Hstack                                 stack        000000
__Hstruct                                struct       000000
__Htemp                                  temp         000000
__Htext                                  text         000000
__Htext0                                 text0        000000
__Htext1                                 text1        000000
__Htext10                                text10       000000
__Htext11                                text11       000000
__Htext12                                text12       000000
__Htext13                                text13       000000
__Htext14                                text14       000000
__Htext15                                text15       000000
__Htext16                                text16       000000
__Htext17                                text17       000000
__Htext18                                text18       000000
__Htext19                                text19       000000
__Htext2                                 text2        000000
__Htext20                                text20       000000
__Htext21                                text21       000000
__Htext3                                 text3        000000
__Htext4                                 text4        000000
__Htext5                                 text5        000000
__Htext6                                 text6        000000
__Htext7                                 text7        000000
__Htext8                                 text8        000000
__Htext9                                 text9        000000
__LRAM                                   (abs)        000001
__L__absolute__                          __absolute__ 000000
__Labs1                                  abs1         000000
__Lbank0                                 bank0        000000
__Lbank1                                 bank1        000000
__Lbigbss                                bigbss       000000
__Lbigdata                               bigdata      000000
__Lbigram                                bigram       000000
__Lbigsfr                                bigsfr       000000
__Lbss                                   bss          000000
__LbssCOMRAM                             bssCOMRAM    000000
__Lcinit                                 cinit        000000
__Lclrtext                               clrtext      000000
__Lcomram                                comram       000000
__Lconfig                                config       000000
__Lconst                                 const        000000
__LcstackCOMRAM                          cstackCOMRAM 000000
__Ldata                                  data         000000
__LdataBANK0                             dataBANK0    000000
__LdataBANK1                             dataBANK1    000000
__LdataCOMRAM                            dataCOMRAM   000000
__Leeprom_data                           eeprom_data  000000
__Lfarbss                                farbss       000000
__Lfardata                               fardata      000000
__Lheap                                  heap         000000
__Libigdata                              ibigdata     000000
__Lidata                                 idata        000000
__LidataBANK0                            idataBANK0   000000
__LidataBANK1                            idataBANK1   000000
__LidataCOMRAM                           idataCOMRAM  000000
__Lidloc                                 idloc        000000
__Lifardata                              ifardata     000000
__Linit                                  init         000000
__Lintcode                               intcode      000000
__Lintcode_body                          intcode_body 000000
__Lintcodelo                             intcodelo    000000
__Lintentry                              intentry     000000
__Lintret                                intret       000000
__Lintsave_regs                          intsave_regs 000000
__Lirdata                                irdata       000000
__Lmediumconst                           mediumconst  001D70
__LnvFARRAM                              nvFARRAM     000000
__Lnvbit                                 nvbit        000000
__Lnvrram                                nvrram       000000
__Lparam                                 rparam       000000
__Lpowerup                               powerup      000000
__Lram                                   ram          000000
__Lramtop                                ramtop       000200
__Lrbit                                  rbit         000000
__Lrbss                                  rbss         000000
__Lrdata                                 rdata        000000
__Lreset_vec                             reset_vec    000000
__Lrparam                                rparam       000000
__Lsfr                                   sfr          000000
__Lsivt_hi                               sivt_hi      000000
__Lsivt_lo                               sivt_lo      000000
__Lsmallconst                            smallconst   000000
__Lspace_0                               (abs)        000000
__Lspace_1                               (abs)        000000
__Lspace_2                               (abs)        000000
__Lspace_4                               (abs)        000000
__Lstack                                 stack        000000
__Lstruct                                struct       000000
__Ltemp                                  temp         000000
__Ltext                                  text         000000
__Ltext0                                 text0        000000
__Ltext1                                 text1        000000
__Ltext10                                text10       000000
__Ltext11                                text11       000000
__Ltext12                                text12       000000
__Ltext13                                text13       000000
__Ltext14                                text14       000000
__Ltext15                                text15       000000
__Ltext16                                text16       000000
__Ltext17                                text17       000000
__Ltext18                                text18       000000
__Ltext19                                text19       000000
__Ltext2                                 text2        000000
__Ltext20                                text20       000000
__Ltext21                                text21       000000
__Ltext3                                 text3        000000
__Ltext4                                 text4        000000
__Ltext5                                 text5        000000
__Ltext6                                 text6        000000
__Ltext7                                 text7        000000
__Ltext8                                 text8        000000
__Ltext9                                 text9        000000
__S0                                     (abs)        002000
__S1                                     (abs)        000111
__S4                                     (abs)        000000
__S5                                     (abs)        000000
___awmod                                 text6        0010BC
___awmod@counter                         cstackCOMRAM 00005F
___awmod@dividend                        cstackCOMRAM 00005B
___awmod@divisor                         cstackCOMRAM 00005D
___awmod@sign                            cstackCOMRAM 000060
___heap_hi                               (abs)        000000
___heap_lo                               (abs)        000000
___inthi_sp                              stack        000000
___inthi_stack_hi                        stack        000000
___inthi_stack_lo                        stack        000000
___intlo_sp                              stack        000000
___intlo_stack_hi                        stack        000000
___intlo_stack_lo                        stack        000000
___lmul                                  text5        000C7A
___lmul@multiplicand                     cstackCOMRAM 00004D
___lmul@multiplier                       cstackCOMRAM 000049
___lmul@product                          cstackCOMRAM 000051
___param_bank                            (abs)        000000
___rparam_used                           (abs)        000001
___sp                                    stack        000000
___stack_hi                              stack        000000
___stack_lo                              stack        000000
__accesstop                              (abs)        000080
__activetblptr                           (abs)        000002
__end_of_Alpha1                          mediumconst  001E6B
__end_of_Alpha2                          mediumconst  001F51
__end_of_LCD_ClearGraphics               text18       000C12
__end_of_LCD_EnableGraphics              text17       000B46
__end_of_LCD_GraphicsDisplayString       text13       001D70
__end_of_LCD_Init                        text16       000F74
__end_of_LCD_WriteByte                   text21       001436
__end_of_LCD_WriteCommand                text20       000A66
__end_of_LCD_WriteData                   text19       000A72
__end_of___awmod                         text6        00116A
__end_of___lmul                          text5        000CE4
__end_of__initialization                 cinit        000C70
__end_of_clearAllChar                    text10       000B08
__end_of_createRandomSeed                text14       0010BC
__end_of_displaySpeed                    text12       000ED6
__end_of_draw                            text8        001310
__end_of_drawGraphics                    text9        000BAA
__end_of_input                           text7        000E48
__end_of_logic                           text2        0018A6
__end_of_main                            text0        00165A
__end_of_placeChar                       text11       00123C
__end_of_rand                            text4        000D50
__end_of_random                          text3        000AD0
__end_of_setup                           text1        001014
__end_of_srand                           text15       000A9E
__initialization                         cinit        000C12
__mediumconst                            mediumconst  001D70
__pbssCOMRAM                             bssCOMRAM    000001
__pcinit                                 cinit        000C12
__pcstackCOMRAM                          cstackCOMRAM 000049
__pdataBANK0                             dataBANK0    000080
__pdataBANK1                             dataBANK1    000100
__pdataCOMRAM                            dataCOMRAM   000074
__pidataBANK0                            idataBANK0   000D51
__pidataBANK1                            idataBANK1   000A73
__pidataCOMRAM                           idataCOMRAM  000D50
__pmediumconst                           mediumconst  001D70
__ptext0                                 text0        001436
__ptext1                                 text1        000F74
__ptext10                                text10       000AD0
__ptext11                                text11       00116A
__ptext12                                text12       000E48
__ptext13                                text13       0018A6
__ptext14                                text14       001014
__ptext15                                text15       000A84
__ptext16                                text16       000ED6
__ptext17                                text17       000B08
__ptext18                                text18       000BAA
__ptext19                                text19       000A66
__ptext2                                 text2        00165A
__ptext20                                text20       000A5A
__ptext21                                text21       001310
__ptext3                                 text3        000A9E
__ptext4                                 text4        000CE4
__ptext5                                 text5        000C7A
__ptext6                                 text6        0010BC
__ptext7                                 text7        000DC8
__ptext8                                 text8        00123C
__ptext9                                 text9        000B46
__ramtop                                 ramtop       000200
__smallconst                             smallconst   000000
_clearAllChar                            text10       000AD0
_createRandomSeed                        text14       001014
_displaySpeed                            text12       000E48
_draw                                    text8        00123C
_drawGraphics                            text9        000B46
_fruitX                                  bssCOMRAM    000039
_fruitY                                  bssCOMRAM    000037
_game                                    bssCOMRAM    000042
_gameover                                bssCOMRAM    000041
_input                                   text7        000DC8
_key                                     bssCOMRAM    000033
_logic                                   text2        00165A
_looseScreen                             bssCOMRAM    000043
_main                                    text0        001436
_mainMenu                                dataCOMRAM   000074
_placeChar                               text11       00116A
_rand                                    text4        000CE4
_random                                  text3        000A9E
_score                                   bssCOMRAM    000035
_seed                                    bssCOMRAM    000045
_setup                                   text1        000F74
_snakeHeadXPos                           bssCOMRAM    00003F
_snakeHeadYPos                           bssCOMRAM    00003D
_snakeTailLen                            bssCOMRAM    00003B
_snakeTailX                              bssCOMRAM    000001
_snakeTailY                              bssCOMRAM    000023
_speed                                   bssCOMRAM    000044
_srand                                   text15       000A84
clearAllChar@i                           cstackCOMRAM 00004C
clearAllChar@j                           cstackCOMRAM 00004D
createRandomSeed@adc_value               cstackCOMRAM 000051
createRandomSeed@i                       cstackCOMRAM 000055
createRandomSeed@timer_value             cstackCOMRAM 000053
draw@i                                   cstackCOMRAM 000070
draw@j                                   cstackCOMRAM 000071
draw@k                                   cstackCOMRAM 00006F
end_of_initialization                    cinit        000C70
intlevel0                                text         000000
intlevel1                                text         000000
intlevel2                                text         000000
intlevel3                                text         000000
isa$std                                  (abs)        000001
isa$xinst                                (abs)        000000
logic@i                                  cstackCOMRAM 00006C
logic@i_395                              cstackCOMRAM 00006B
logic@prev2X                             cstackCOMRAM 000067
logic@prev2Y                             cstackCOMRAM 000068
logic@prevX                              cstackCOMRAM 000069
logic@prevY                              cstackCOMRAM 00006A
placeChar@c                              cstackCOMRAM 00004A
placeChar@x                              cstackCOMRAM 00004B
placeChar@y                              cstackCOMRAM 000049
random@lower_bound                       cstackCOMRAM 000064
random@upper_bound                       cstackCOMRAM 000061
srand@s                                  cstackCOMRAM 000049
stackhi                                  (abs)        000000
stacklo                                  (abs)        000000
start                                    init         000000
start_initialization                     cinit        000C12


MODULE INFORMATION

Module		Function		Class		Link	Load	Size
E:\Microchip\xc8\v2.50\pic\sources\c99\common\Umul32.c
		___lmul        		CODE           	0C7A	0000	106

E:\Microchip\xc8\v2.50\pic\sources\c99\common\Umul32.c estimated size: 106

shared
		_Alpha1        		MEDIUMCONST    	1D71	0000	250
		__initialization		CODE           	0C12	0000	94
		_Alpha2        		MEDIUMCONST    	1E6B	0000	230

shared estimated size: 574

E:\Microchip\xc8\v2.50\pic\sources\c99\common\awmod.c
		___awmod       		CODE           	10BC	0000	174

E:\Microchip\xc8\v2.50\pic\sources\c99\common\awmod.c estimated size: 174

E:\Microchip\xc8\v2.50\pic\sources\c99\common\rand.c
		_srand         		CODE           	0A84	0000	26
		_rand          		CODE           	0CE4	0000	108

E:\Microchip\xc8\v2.50\pic\sources\c99\common\rand.c estimated size: 134

Pls.c
		_logic         		CODE           	165A	0000	588
		_drawGraphics  		CODE           	0B46	0000	100
		_displaySpeed  		CODE           	0E48	0000	142
		_placeChar     		CODE           	116A	0000	210
		_random        		CODE           	0A9E	0000	50
		_main          		CODE           	1436	0000	548
		_input         		CODE           	0DC8	0000	128
		_createRandomSeed		CODE           	1014	0000	168
		_clearAllChar  		CODE           	0AD0	0000	56
		_setup         		CODE           	0F74	0000	160
		_draw          		CODE           	123C	0000	212

Pls.c estimated size: 2362

12864_lcd.c
		_LCD_Init      		CODE           	0ED6	0000	158
		_LCD_EnableGraphics		CODE           	0B08	0000	62
		_LCD_GraphicsDisplayString		CODE           	18A6	0000	1226
		_LCD_ClearGraphics		CODE           	0BAA	0000	104
		_LCD_WriteCommand		CODE           	0A5A	0000	12
		_LCD_WriteData 		CODE           	0A66	0000	12
		_LCD_WriteByte 		CODE           	1310	0000	294

12864_lcd.c estimated size: 1868

